// Jest Snapshot v1, https://goo.gl/fbAQLP

exports[`mc-assembly-graph — grafo puro da montagem (plano §5.1 etapa 6 / §5.4) buildEndcardArgs — cartela final determinística (plano §5.4) args completos (snapshot do contrato do passe) 1`] = `
[
  "-y",
  "-hide_banner",
  "-loglevel",
  "error",
  "-f",
  "lavfi",
  "-i",
  "color=c=0x1F2430:s=720x1280:r=30:d=2",
  "-f",
  "lavfi",
  "-t",
  "2",
  "-i",
  "anullsrc=r=48000:cl=stereo",
  "-map",
  "0:v:0",
  "-map",
  "1:a:0",
  "-vf",
  "drawtext=text='Loja':fontsize=60:fontcolor=white:x=(w-text_w)/2:y=(h-text_h)/2,format=yuv420p",
  "-c:v",
  "libx264",
  "-preset",
  "veryfast",
  "-crf",
  "20",
  "-c:a",
  "aac",
  "-b:a",
  "128k",
  "-ar",
  "48000",
  "-ac",
  "2",
  "-movflags",
  "+faststart",
  "-shortest",
  "/end.mp4",
]
`;

exports[`mc-assembly-graph — grafo puro da montagem (plano §5.1 etapa 6 / §5.4) buildFinalizeArgs passe final completo com selos+legendas+trilha (snapshot do contrato) 1`] = `
[
  "-y",
  "-hide_banner",
  "-loglevel",
  "error",
  "-i",
  "/c.mp4",
  "-i",
  "/music.mp3",
  "-filter_complex",
  "[0:v]drawtext=text='CAFÉ — R$ 12,90':fontsize=45:fontcolor=white:box=1:boxcolor=black@0.55:boxborderw=18:x=(w-text_w)/2:y=h*0.72:enable='between(t,3.00,6.00)',drawtext=text='Bem-vindo às ofertas':fontsize=33:fontcolor=white:box=1:boxcolor=black@0.6:boxborderw=14:x=(w-text_w)/2:y=h-154-text_h:enable='between(t,0.20,1.90)'[v];[1:a]volume=0.35,aformat=sample_fmts=fltp:sample_rates=48000:channel_layouts=stereo[music];[0:a]aformat=sample_fmts=fltp:sample_rates=48000:channel_layouts=stereo,asplit=2[voice][sc];[music][sc]sidechaincompress=threshold=0.02:ratio=12:attack=20:release=500:makeup=1[ducked];[voice][ducked]amix=inputs=2:duration=first:dropout_transition=0,loudnorm=I=-14:TP=-1.5:LRA=11[a]",
  "-map",
  "[v]",
  "-map",
  "[a]",
  "-c:v",
  "libx264",
  "-preset",
  "veryfast",
  "-crf",
  "20",
  "-c:a",
  "aac",
  "-b:a",
  "128k",
  "-ar",
  "48000",
  "-movflags",
  "+faststart",
  "/f.mp4",
]
`;
