// Jest Snapshot v1, https://goo.gl/fbAQLP

exports[`FfmpegGraphBuilder (TDD §6.1) snapshot do comando mp4 mínimo (regressão de sintaxe) 1`] = `
[
  "-y",
  "-hide_banner",
  "-stream_loop",
  "-1",
  "-t",
  "5",
  "-i",
  "/up/bg.mp4",
  "-loop",
  "1",
  "-t",
  "5",
  "-i",
  "/up/overlay.png",
  "-filter_complex",
  "[0:v]scale=1080:1920:force_original_aspect_ratio=increase,crop=1080:1920,fps=30[base0];[1:v]scale=1080:1920[l0];[base0][l0]overlay=0:0:enable='between(t,0,5)'[ov0]",
  "-t",
  "5",
  "-threads",
  "2",
  "-map",
  "[ov0]",
  "-c:v",
  "libx264",
  "-preset",
  "veryfast",
  "-crf",
  "21",
  "-pix_fmt",
  "yuv420p",
  "-movflags",
  "+faststart",
  "-an",
  "-shortest",
  "/out/final.mp4",
]
`;
